// Jest Snapshot v1, https://goo.gl/fbAQLP

exports[`DetailsScreen renders correctly 1`] = `
<View
  collapsable={false}
  pointerEvents="box-none"
  style={
    Object {
      "flex": 1,
    }
  }
>
  <View
    style={
      Object {
        "flex": 1,
      }
    }
  >
    <Text>
      Something went wrong
    </Text>
  </View>
  ,
</View>
`;
